=====================================================
   INF8601-LAB1-master 2.2.1: tests/test-suite.log
=====================================================

# TOTAL: 1
# PASS:  0
# SKIP:  0
# XFAIL: 0
# FAIL:  1
# XPASS: 0
# ERROR: 0

.. contents:: :depth: 2

FAIL: test-all.sh
=================

dragon_pthread.c:132 Unimplemented block dragon_limits_pthread
dragon_tbb.cpp:109 Unimplemented block dragon_limits_tbb
dragon_pthread.c:41 Unimplemented block dragon_draw_pthread
dragon_pthread.c:132 Unimplemented block dragon_limits_pthread
./test-all.sh: line 3:   639 Segmentation fault      (core dumped) ${abs_top_srcdir}/src/dragonizer --cmd check --power 22 --thread 10
FAIL test-all.sh (exit status: 139)

